// Jest Snapshot v1, https://goo.gl/fbAQLP

exports[`addNoise 1`] = `
Object {
  "x": Array [
    1,
    2,
    3,
  ],
  "y": Array [
    1.8588724613189698,
    2.914162039756775,
    4.052007699012757,
  ],
}
`;
